
> DataLynk@0.1.0 start
> react-scripts start

≡ƒöº Proxy configured to target: https://itcatalystindia.com/Development/CustomerPortal_API
[HPM] Proxy created: /  -> https://itcatalystindia.com/Development/CustomerPortal_API
[HPM] Subscribed to http-proxy events: [ 'error', 'proxyReq', 'proxyRes', 'close' ]
node.exe : (node:19484) 
[DEP_WEBPACK_DEV_SERVER_ON_AFTER_SETUP_MIDDLEWARE] 
DeprecationWarning: 'onAfterSetupMiddleware' option is 
deprecated. Please use the 'setupMiddlewares' option.
At C:\Users\prave\AppData\Roaming\npm\npm.ps1:24 char:5
+     & "node$exe"  
"$basedir/node_modules/npm/bin/npm-cli.js" $args
+     ~~~~~~~~~~~~~~~~~~~~~~~~~~~~~~~~~~~~~~~~~~~~~~~~~~~
~~~~~~~~~~~
    + CategoryInfo          : NotSpecified: 
((node:19484) [D...ewares' o    ption.:String) [], 
RemoteException
    + FullyQualifiedErrorId : NativeCommandError
 
(Use `node --trace-deprecation ...` to show where the 
warning was created)
(node:19484) 
[DEP_WEBPACK_DEV_SERVER_ON_BEFORE_SETUP_MIDDLEWARE] 
DeprecationWarning: 'onBeforeSetupMiddleware' option is 
deprecated. Please use the 'setupMiddlewares' option.
